[2026-05-13T01:51:10+00:00] generating 10000-step 10x dataset
Saved datasets/simple_tcno_stratified_1p_10000steps_10x.npz
pos_all shape: (20480, 10001, 1, 2)
vel_all shape: (20480, 10001, 1, 2)
coll_all shape: (20480, 10000)
splits: train=16384, val=2048, test=2048
collisions: 1302900
initial speed range: 0.500000 to 0.500000
speed-bin counts: [20480, 0, 0, 0, 0, 0]
[2026-05-13T02:10:01+00:00] training L base position-only 10k
Device: cuda
Dataset: datasets/simple_tcno_stratified_1p_10000steps_10x.npz
Shapes: pos=(20480, 10001, 1, 2), vel=(20480, 10001, 1, 2), coll=(20480, 10000)
Splits: train=16384, val=2048, test=2048
Materialized train samples on cuda: 163856384
Samples per epoch: 163856384
wandb: [wandb.login()] Loaded credentials for https://api.wandb.ai from /home/shawheen/.netrc.
wandb: Currently logged in as: synaderi (synaderi-uc-davis) to https://api.wandb.ai. Use `wandb login --relogin` to force relogin
wandb: setting up run 305074k7
wandb: Tracking run with wandb version 0.25.1
wandb: Run data is saved locally in /home/shawheen/research_project/particle_nn_sim_files/particle_nn_sim/wandb/run-20260513_021143-305074k7
wandb: Run `wandb offline` to turn off syncing.
wandb: Syncing run L-base-10k
wandb: ⭐️ View project at https://wandb.ai/synaderi-uc-davis/particle-nn-sim
wandb: 🚀 View run at https://wandb.ai/synaderi-uc-davis/particle-nn-sim/runs/305074k7
Traceback (most recent call last):
  File "/home/shawheen/research_project/particle_nn_sim_files/particle_nn_sim/train_simple_tcno_1p.py", line 1028, in <module>
    main()
    ~~~~^^
  File "/home/shawheen/research_project/particle_nn_sim_files/particle_nn_sim/train_simple_tcno_1p.py", line 734, in main
    order = torch.randperm(train_size, device=device)
torch.OutOfMemoryError: CUDA out of memory. Tried to allocate 2.50 GiB. GPU 0 has a total capacity of 15.77 GiB of which 1.16 GiB is free. Process 1457878 has 2.47 GiB memory in use. Including non-PyTorch memory, this process has 12.13 GiB memory in use. Of the allocated memory 11.75 GiB is allocated by PyTorch, and 18.66 MiB is reserved by PyTorch but unallocated. If reserved but unallocated memory is large try setting PYTORCH_ALLOC_CONF=expandable_segments:True to avoid fragmentation.  See documentation for Memory Management  (https://pytorch.org/docs/stable/notes/cuda.html#environment-variables)
[1;34mwandb[0m: 
[1;34mwandb[0m: 🚀 View run [33mL-base-10k[0m at: [34mhttps://wandb.ai/synaderi-uc-davis/particle-nn-sim/runs/305074k7[0m
[1;34mwandb[0m: Find logs at: [1;35mwandb/run-20260513_021143-305074k7/logs[0m
[2026-05-13T02:11:46+00:00] workflow complete
